
> geetanjalisoftwares@0.1.0 build
> next build

Γû▓ Next.js 16.1.6 (Turbopack)
- Environments: .env.local

node.exe : ΓÜá The "middleware" file convention is deprecated. Please use 
"proxy" instead. Learn more: 
https://nextjs.org/docs/messages/middleware-to-proxy
At C:\Users\ak706\AppData\Roaming\npm\npm.ps1:24 char:5
+     & "node$exe"  "$basedir/node_modules/npm/bin/npm-cli.js" $args
+     ~~~~~~~~~~~~~~~~~~~~~~~~~~~~~~~~~~~~~~~~~~~~~~~~~~~~~~~~~~~~~~
    + CategoryInfo          : NotSpecified: (ΓÜá The "middle...leware-to-proxy 
   :String) [], RemoteException
    + FullyQualifiedErrorId : NativeCommandError
 
  Creating an optimized production build ...
  Downloading swc package @next/swc-wasm-nodejs... to C:\Users\ak706\AppData\Local\next-swc
ΓÜá Attempted to load @next/swc-win32-x64-msvc, but an error occurred: The 
paging file is too small for this operation to complete.
\\?\D:\Full Stack Dev\geetanjalisoftwares\node_modules\@next\swc-win32-x64-msvc
\next-swc.win32-x64-msvc.node
ΓÜá Error: Failed to get registry from "npm".
    at ignore-listed frames {
  [cause]: Error: Command failed: npm config get registry --no-workspaces
      at ignore-listed frames {
    status: 3221226505,
    signal: null,
    output: [ null, <Buffer >, <Buffer > ],
    pid: 17232,
    stdout: <Buffer >,
    stderr: <Buffer >
  }
}
Γ¿» Failed to load SWC binary for win32/x64, see more info here: 
https://nextjs.org/docs/messages/failed-loading-swc

-----
[1m[31mFATAL[39m[0m: An unexpected Turbopack error occurred. A panic log 
has been written to C:\Users\ak706\AppData\Local\Temp\next-panic-9547bcb1f85d99
d209a3edbf34fe07b3.log.

To help make Turbopack better, report this error by ]8;;https://github.com/ver
cel/next.js/discussions/new?category=turbopack-error-report&title=Turbopack%20E
rror%3A%20failed%20to%20receive%20message&body=Turbopack%20version%3A%20%6023c4
6498%60%0ANext.js%20version%3A%20%600.0.0%60%0A%0AError%20message%3A%0A%60%60%6
0%0Afailed%20to%20receive%20message%0A%0ACaused%20by%3A%0A-%20reading%20packet%
20length%0A-%20An%20existing%20connection%20was%20forcibly%20closed%20by%20the%
20remote%20host.%20%28os%20error%2010054%29%0A%0ADebug%20info%3A%0A-%20Executio
n%20of%20get_all_written_entrypoints_with_issues_operation%20failed%0A-%20Execu
tion%20of%20PlainIssue%3A%3Afrom_issue%20failed%0A-%20Execution%20of%20PlainSou
rce%3A%3Afrom_source%20failed%0A-%20Execution%20of%20%3CWebpackLoadersProcessed
Asset%20as%20Asset%3E%3A%3Acontent%20failed%0A-%20Execution%20of%20WebpackLoade
rsProcessedAsset%3A%3Aprocess%20failed%0A-%20Execution%20of%20evaluate_webpack_
loader%20failed%0A-%20failed%20to%20receive%20message%0A-%20reading%20packet%20
length%0A-%20An%20existing%20connection%20was%20forcibly%20closed%20by%20the%20
remote%20host.%20%28os%20error%2010054%29%0A%60%60%60&labels=Turbopack,Turbopac
k%20Panic%20Backtrace\clicking here.]8;;\
-----


> Build error occurred
Error [TurbopackInternalError]: failed to receive message

Caused by:
- reading packet length
- An existing connection was forcibly closed by the remote host. (os error 
10054)

Debug info:
- Execution of get_all_written_entrypoints_with_issues_operation failed
- Execution of PlainIssue::from_issue failed
- Execution of PlainSource::from_source failed
- Execution of <WebpackLoadersProcessedAsset as Asset>::content failed
- Execution of WebpackLoadersProcessedAsset::process failed
- Execution of evaluate_webpack_loader failed
- failed to receive message
- reading packet length
- An existing connection was forcibly closed by the remote host. (os error 
10054)
    at <unknown> (TurbopackInternalError: failed to receive message) {
  type: 'TurbopackInternalError',
  location: undefined
}
